---
source: crates/tui/src/tests.rs
expression: screen
---
"chatgpt · 3 of 4 · active · all · all topics                                                        "
"┌Conversations─────────────────────────────────────────────┐┌Empty test chat───────────────────────┐"
"│  2024-05-01 delete   coding_general Empty test chat      ││updated 2024-05-01 · created 2024-05-0│"
"│  2024-05-01 keep     coding_general Postgres backup plan ││Jev: DELETE · coding_general · delete │"
"│  2024-05-01 ·                       Unjudged third chat  ││because                               │"
"│                                                          ││                                      │"
"│                                                          ││hello from a1                         │"
"│                                                          ││                                      │"
"│                                                          ││                                      │"
"│                                                          ││                                      │"
"└──────────────────────────────────────────────────────────┘└──────────────────────────────────────┘"
"? help · / filter · 1-6 suggestion · t topic · y age · b brainstorms · n title · d/a mark · enter ac"
